[0m20:27:22.651389 [debug] [MainThread]: Sending event: {'category': 'dbt', 'action': 'invocation', 'label': 'start', 'context': [<snowplow_tracker.self_describing_json.SelfDescribingJson object at 0x00000220EA39AC50>, <snowplow_tracker.self_describing_json.SelfDescribingJson object at 0x00000220EA3AAA90>, <snowplow_tracker.self_describing_json.SelfDescribingJson object at 0x00000220EA3AA890>]}


============================== 20:27:22.737841 | a523359e-6817-435b-98c9-027038464637 ==============================
[0m20:27:22.737841 [info ] [MainThread]: Running with dbt=1.12.5
[0m20:27:22.739814 [debug] [MainThread]: running dbt with arguments {'version_check': 'True', 'no_print': 'None', 'maximum_seed_size_mib': '1', 'target_path': 'None', 'warn_error_options': 'WarnErrorOptionsV2(error=[], warn=[], silence=[])', 'static_parser': 'True', 'printer_width': '80', 'write_json': 'True', 'introspect': 'True', 'log_cache_events': 'False', 'empty': 'None', 'cache_selected_only': 'False', 'fail_fast': 'False', 'debug': 'False', 'log_format': 'default', 'profiles_dir': 'C:\\Users\\fizza\\.dbt', 'send_anonymous_usage_stats': 'True', 'quiet': 'False', 'warn_error': 'None', 'partial_parse': 'True', 'use_colors': 'True', 'hints_enabled': 'True', 'invocation_command': 'dbt init', 'use_experimental_parser': 'False', 'indirect_selection': 'eager', 'log_path': 'logs'}
[0m20:28:42.912993 [debug] [MainThread]: Starter project path: C:\Projects\dbt_ansh\.venv\Lib\site-packages\dbt\include\starter_project
[0m20:28:42.955759 [info ] [MainThread]: Setting up your profile.
[0m20:28:50.720188 [debug] [MainThread]: Spark adapter: Setting pyhive.hive logging to ERROR
[0m20:28:50.721161 [debug] [MainThread]: Spark adapter: Setting thrift.transport logging to ERROR
[0m20:28:50.722669 [debug] [MainThread]: Spark adapter: Setting thrift.protocol logging to ERROR
[0m20:29:09.526974 [error] [MainThread]: [[31mERROR[0m]: Encountered an error:
DLL load failed while importing fields: An Application Control policy has blocked this file.
[0m20:29:09.550468 [error] [MainThread]: Traceback (most recent call last):
  File "C:\Projects\dbt_ansh\.venv\Lib\site-packages\dbt\cli\requires.py", line 198, in wrapper
    result, success = func(*args, **kwargs)
                      ^^^^^^^^^^^^^^^^^^^^^
  File "C:\Projects\dbt_ansh\.venv\Lib\site-packages\dbt\cli\requires.py", line 144, in wrapper
    return func(*args, **kwargs)
           ^^^^^^^^^^^^^^^^^^^^^
  File "C:\Projects\dbt_ansh\.venv\Lib\site-packages\dbt\cli\main.py", line 504, in init
    results = task.run()
              ^^^^^^^^^^
  File "C:\Projects\dbt_ansh\.venv\Lib\site-packages\dbt\task\init.py", line 363, in run
    self.setup_profile(profile_name)
  File "C:\Projects\dbt_ansh\.venv\Lib\site-packages\dbt\task\init.py", line 265, in setup_profile
    self.create_profile_from_target(adapter, profile_name=profile_name)
  File "C:\Projects\dbt_ansh\.venv\Lib\site-packages\dbt\task\init.py", line 175, in create_profile_from_target
    load_plugin(adapter)
  File "C:\Projects\dbt_ansh\.venv\Lib\site-packages\dbt\adapters\factory.py", line 239, in load_plugin
    return FACTORY.load_plugin(name)
           ^^^^^^^^^^^^^^^^^^^^^^^^^
  File "C:\Projects\dbt_ansh\.venv\Lib\site-packages\dbt\adapters\factory.py", line 68, in load_plugin
    mod: Any = import_module("." + name, "dbt.adapters")
               ^^^^^^^^^^^^^^^^^^^^^^^^^^^^^^^^^^^^^^^^^
  File "C:\Users\fizza\AppData\Local\Programs\Python\Python311\Lib\importlib\__init__.py", line 126, in import_module
    return _bootstrap._gcd_import(name[level:], package, level)
           ^^^^^^^^^^^^^^^^^^^^^^^^^^^^^^^^^^^^^^^^^^^^^^^^^^^^
  File "<frozen importlib._bootstrap>", line 1204, in _gcd_import
  File "<frozen importlib._bootstrap>", line 1176, in _find_and_load
  File "<frozen importlib._bootstrap>", line 1147, in _find_and_load_unlocked
  File "<frozen importlib._bootstrap>", line 690, in _load_unlocked
  File "<frozen importlib._bootstrap_external>", line 940, in exec_module
  File "<frozen importlib._bootstrap>", line 241, in _call_with_frames_removed
  File "C:\Projects\dbt_ansh\.venv\Lib\site-packages\dbt\adapters\databricks\__init__.py", line 3, in <module>
    from dbt.adapters.databricks.impl import DatabricksAdapter
  File "C:\Projects\dbt_ansh\.venv\Lib\site-packages\dbt\adapters\databricks\impl.py", line 41, in <module>
    from dbt.adapters.databricks.connections import DatabricksConnectionManager
  File "C:\Projects\dbt_ansh\.venv\Lib\site-packages\dbt\adapters\databricks\connections.py", line 31, in <module>
    from dbt.adapters.databricks.events.connection_events import (
  File "C:\Projects\dbt_ansh\.venv\Lib\site-packages\dbt\adapters\databricks\events\connection_events.py", line 4, in <module>
    from databricks.sql.client import Connection
  File "C:\Projects\dbt_ansh\.venv\Lib\site-packages\databricks\sql\client.py", line 15, in <module>
    import pandas
  File "C:\Projects\dbt_ansh\.venv\Lib\site-packages\pandas\__init__.py", line 56, in <module>
    import pandas.core.config_init  # pyright: ignore[reportUnusedImport] # noqa: F401
    ^^^^^^^^^^^^^^^^^^^^^^^^^^^^^^
  File "C:\Projects\dbt_ansh\.venv\Lib\site-packages\pandas\core\config_init.py", line 31, in <module>
    from pandas.errors import Pandas4Warning
  File "C:\Projects\dbt_ansh\.venv\Lib\site-packages\pandas\errors\__init__.py", line 12, in <module>
    from pandas._libs.tslibs import (
  File "C:\Projects\dbt_ansh\.venv\Lib\site-packages\pandas\_libs\__init__.py", line 18, in <module>
    from pandas._libs.interval import Interval
  File "pandas/_libs/interval.pyx", line 1, in init pandas._libs.interval
  File "pandas/_libs/hashtable.pyx", line 1, in init pandas._libs.hashtable
  File "pandas/_libs/missing.pyx", line 1, in init pandas._libs.missing
  File "C:\Projects\dbt_ansh\.venv\Lib\site-packages\pandas\_libs\tslibs\__init__.py", line 41, in <module>
    from pandas._libs.tslibs.conversion import localize_pydatetime
  File "pandas/_libs/tslibs/conversion.pyx", line 1, in init pandas._libs.tslibs.conversion
  File "pandas/_libs/tslibs/offsets.pyx", line 1, in init pandas._libs.tslibs.offsets
  File "pandas/_libs/tslibs/timestamps.pyx", line 1, in init pandas._libs.tslibs.timestamps
  File "pandas/_libs/tslibs/timedeltas.pyx", line 94, in init pandas._libs.tslibs.timedeltas
ImportError: DLL load failed while importing fields: An Application Control policy has blocked this file.

[0m20:29:09.559012 [debug] [MainThread]: Command `dbt init` failed at 20:29:09.557007 after 107.29 seconds
[0m20:29:09.561010 [debug] [MainThread]: Sending event: {'category': 'dbt', 'action': 'invocation', 'label': 'end', 'context': [<snowplow_tracker.self_describing_json.SelfDescribingJson object at 0x00000220EA3AA910>, <snowplow_tracker.self_describing_json.SelfDescribingJson object at 0x00000220EA644350>, <snowplow_tracker.self_describing_json.SelfDescribingJson object at 0x00000220EB8CF950>]}
[0m20:29:09.564010 [debug] [MainThread]: Flushing usage events
[0m20:29:11.564113 [debug] [MainThread]: An error was encountered while trying to flush usage events
[0m20:31:43.216872 [debug] [MainThread]: Sending event: {'category': 'dbt', 'action': 'invocation', 'label': 'start', 'context': [<snowplow_tracker.self_describing_json.SelfDescribingJson object at 0x00000229B3E53510>, <snowplow_tracker.self_describing_json.SelfDescribingJson object at 0x00000229B86C6850>, <snowplow_tracker.self_describing_json.SelfDescribingJson object at 0x00000229B8642890>]}


============================== 20:31:43.224411 | 80727a35-47b6-4056-ac0e-d815f983b8c4 ==============================
[0m20:31:43.224411 [info ] [MainThread]: Running with dbt=1.12.5
[0m20:31:43.225417 [debug] [MainThread]: running dbt with arguments {'maximum_seed_size_mib': '1', 'no_print': 'None', 'static_parser': 'True', 'target_path': 'None', 'warn_error_options': 'WarnErrorOptionsV2(error=[], warn=[], silence=[])', 'version_check': 'True', 'printer_width': '80', 'write_json': 'True', 'introspect': 'True', 'log_cache_events': 'False', 'empty': 'None', 'cache_selected_only': 'False', 'log_format': 'default', 'debug': 'False', 'fail_fast': 'False', 'partial_parse': 'True', 'send_anonymous_usage_stats': 'True', 'quiet': 'False', 'warn_error': 'None', 'profiles_dir': 'C:\\Users\\fizza\\.dbt', 'indirect_selection': 'eager', 'hints_enabled': 'True', 'use_colors': 'True', 'use_experimental_parser': 'False', 'invocation_command': 'dbt init', 'log_path': 'logs'}
[0m20:31:55.966832 [info ] [MainThread]: A project called dbt_practice_ansh already exists here.
[0m20:31:55.971379 [debug] [MainThread]: Command `dbt init` succeeded at 20:31:55.971379 after 13.00 seconds
[0m20:31:55.972399 [debug] [MainThread]: Sending event: {'category': 'dbt', 'action': 'invocation', 'label': 'end', 'context': [<snowplow_tracker.self_describing_json.SelfDescribingJson object at 0x00000229B86C6850>, <snowplow_tracker.self_describing_json.SelfDescribingJson object at 0x00000229B8654510>, <snowplow_tracker.self_describing_json.SelfDescribingJson object at 0x00000229B8579350>]}
[0m20:31:55.974809 [debug] [MainThread]: Flushing usage events
[0m20:31:57.594783 [debug] [MainThread]: An error was encountered while trying to flush usage events
[0m20:32:07.778673 [debug] [MainThread]: Sending event: {'category': 'dbt', 'action': 'invocation', 'label': 'start', 'context': [<snowplow_tracker.self_describing_json.SelfDescribingJson object at 0x000002225688E410>, <snowplow_tracker.self_describing_json.SelfDescribingJson object at 0x00000222568EAAD0>, <snowplow_tracker.self_describing_json.SelfDescribingJson object at 0x000002225688D610>]}


============================== 20:32:07.785945 | 44612747-1d81-409d-84d2-4e3f87fc857e ==============================
[0m20:32:07.785945 [info ] [MainThread]: Running with dbt=1.12.5
[0m20:32:07.788036 [debug] [MainThread]: running dbt with arguments {'version_check': 'True', 'no_print': 'None', 'static_parser': 'True', 'target_path': 'None', 'warn_error_options': 'WarnErrorOptionsV2(error=[], warn=[], silence=[])', 'maximum_seed_size_mib': '1', 'printer_width': '80', 'write_json': 'True', 'introspect': 'True', 'log_cache_events': 'False', 'empty': 'None', 'cache_selected_only': 'False', 'fail_fast': 'False', 'debug': 'False', 'log_format': 'default', 'profiles_dir': 'C:\\Users\\fizza\\.dbt', 'send_anonymous_usage_stats': 'True', 'quiet': 'False', 'warn_error': 'None', 'partial_parse': 'True', 'use_colors': 'True', 'hints_enabled': 'True', 'indirect_selection': 'eager', 'use_experimental_parser': 'False', 'invocation_command': 'dbt init', 'log_path': 'logs'}
[0m20:32:17.688919 [debug] [MainThread]: Starter project path: C:\Projects\dbt_ansh\.venv\Lib\site-packages\dbt\include\starter_project
[0m20:32:17.725377 [info ] [MainThread]: Setting up your profile.
[0m20:32:21.473854 [debug] [MainThread]: Spark adapter: Setting pyhive.hive logging to ERROR
[0m20:32:21.474840 [debug] [MainThread]: Spark adapter: Setting thrift.transport logging to ERROR
[0m20:32:21.476333 [debug] [MainThread]: Spark adapter: Setting thrift.protocol logging to ERROR
[0m20:32:24.286463 [error] [MainThread]: [[31mERROR[0m]: Encountered an error:
DLL load failed while importing fields: An Application Control policy has blocked this file.
[0m20:32:24.303021 [error] [MainThread]: Traceback (most recent call last):
  File "C:\Projects\dbt_ansh\.venv\Lib\site-packages\dbt\cli\requires.py", line 198, in wrapper
    result, success = func(*args, **kwargs)
                      ^^^^^^^^^^^^^^^^^^^^^
  File "C:\Projects\dbt_ansh\.venv\Lib\site-packages\dbt\cli\requires.py", line 144, in wrapper
    return func(*args, **kwargs)
           ^^^^^^^^^^^^^^^^^^^^^
  File "C:\Projects\dbt_ansh\.venv\Lib\site-packages\dbt\cli\main.py", line 504, in init
    results = task.run()
              ^^^^^^^^^^
  File "C:\Projects\dbt_ansh\.venv\Lib\site-packages\dbt\task\init.py", line 363, in run
    self.setup_profile(profile_name)
  File "C:\Projects\dbt_ansh\.venv\Lib\site-packages\dbt\task\init.py", line 265, in setup_profile
    self.create_profile_from_target(adapter, profile_name=profile_name)
  File "C:\Projects\dbt_ansh\.venv\Lib\site-packages\dbt\task\init.py", line 175, in create_profile_from_target
    load_plugin(adapter)
  File "C:\Projects\dbt_ansh\.venv\Lib\site-packages\dbt\adapters\factory.py", line 239, in load_plugin
    return FACTORY.load_plugin(name)
           ^^^^^^^^^^^^^^^^^^^^^^^^^
  File "C:\Projects\dbt_ansh\.venv\Lib\site-packages\dbt\adapters\factory.py", line 68, in load_plugin
    mod: Any = import_module("." + name, "dbt.adapters")
               ^^^^^^^^^^^^^^^^^^^^^^^^^^^^^^^^^^^^^^^^^
  File "C:\Users\fizza\AppData\Local\Programs\Python\Python311\Lib\importlib\__init__.py", line 126, in import_module
    return _bootstrap._gcd_import(name[level:], package, level)
           ^^^^^^^^^^^^^^^^^^^^^^^^^^^^^^^^^^^^^^^^^^^^^^^^^^^^
  File "<frozen importlib._bootstrap>", line 1204, in _gcd_import
  File "<frozen importlib._bootstrap>", line 1176, in _find_and_load
  File "<frozen importlib._bootstrap>", line 1147, in _find_and_load_unlocked
  File "<frozen importlib._bootstrap>", line 690, in _load_unlocked
  File "<frozen importlib._bootstrap_external>", line 940, in exec_module
  File "<frozen importlib._bootstrap>", line 241, in _call_with_frames_removed
  File "C:\Projects\dbt_ansh\.venv\Lib\site-packages\dbt\adapters\databricks\__init__.py", line 3, in <module>
    from dbt.adapters.databricks.impl import DatabricksAdapter
  File "C:\Projects\dbt_ansh\.venv\Lib\site-packages\dbt\adapters\databricks\impl.py", line 41, in <module>
    from dbt.adapters.databricks.connections import DatabricksConnectionManager
  File "C:\Projects\dbt_ansh\.venv\Lib\site-packages\dbt\adapters\databricks\connections.py", line 31, in <module>
    from dbt.adapters.databricks.events.connection_events import (
  File "C:\Projects\dbt_ansh\.venv\Lib\site-packages\dbt\adapters\databricks\events\connection_events.py", line 4, in <module>
    from databricks.sql.client import Connection
  File "C:\Projects\dbt_ansh\.venv\Lib\site-packages\databricks\sql\client.py", line 15, in <module>
    import pandas
  File "C:\Projects\dbt_ansh\.venv\Lib\site-packages\pandas\__init__.py", line 56, in <module>
    import pandas.core.config_init  # pyright: ignore[reportUnusedImport] # noqa: F401
    ^^^^^^^^^^^^^^^^^^^^^^^^^^^^^^
  File "C:\Projects\dbt_ansh\.venv\Lib\site-packages\pandas\core\config_init.py", line 31, in <module>
    from pandas.errors import Pandas4Warning
  File "C:\Projects\dbt_ansh\.venv\Lib\site-packages\pandas\errors\__init__.py", line 12, in <module>
    from pandas._libs.tslibs import (
  File "C:\Projects\dbt_ansh\.venv\Lib\site-packages\pandas\_libs\__init__.py", line 18, in <module>
    from pandas._libs.interval import Interval
  File "pandas/_libs/interval.pyx", line 1, in init pandas._libs.interval
  File "pandas/_libs/hashtable.pyx", line 1, in init pandas._libs.hashtable
  File "pandas/_libs/missing.pyx", line 1, in init pandas._libs.missing
  File "C:\Projects\dbt_ansh\.venv\Lib\site-packages\pandas\_libs\tslibs\__init__.py", line 41, in <module>
    from pandas._libs.tslibs.conversion import localize_pydatetime
  File "pandas/_libs/tslibs/conversion.pyx", line 1, in init pandas._libs.tslibs.conversion
  File "pandas/_libs/tslibs/offsets.pyx", line 1, in init pandas._libs.tslibs.offsets
  File "pandas/_libs/tslibs/timestamps.pyx", line 1, in init pandas._libs.tslibs.timestamps
  File "pandas/_libs/tslibs/timedeltas.pyx", line 94, in init pandas._libs.tslibs.timedeltas
ImportError: DLL load failed while importing fields: An Application Control policy has blocked this file.

[0m20:32:24.307096 [debug] [MainThread]: Command `dbt init` failed at 20:32:24.306095 after 16.76 seconds
[0m20:32:24.308093 [debug] [MainThread]: Sending event: {'category': 'dbt', 'action': 'invocation', 'label': 'end', 'context': [<snowplow_tracker.self_describing_json.SelfDescribingJson object at 0x000002226F830D90>, <snowplow_tracker.self_describing_json.SelfDescribingJson object at 0x000002226E751E50>, <snowplow_tracker.self_describing_json.SelfDescribingJson object at 0x000002226E546190>]}
[0m20:32:24.309096 [debug] [MainThread]: Flushing usage events
[0m20:32:25.975116 [debug] [MainThread]: An error was encountered while trying to flush usage events
[0m20:37:26.628541 [debug] [MainThread]: Sending event: {'category': 'dbt', 'action': 'invocation', 'label': 'start', 'context': [<snowplow_tracker.self_describing_json.SelfDescribingJson object at 0x000002070A14E350>, <snowplow_tracker.self_describing_json.SelfDescribingJson object at 0x000002070A1A9E10>, <snowplow_tracker.self_describing_json.SelfDescribingJson object at 0x000002070A1AB5D0>]}


============================== 20:37:26.635538 | e424b5ab-96bc-40a5-9e49-beda31130bdb ==============================
[0m20:37:26.635538 [info ] [MainThread]: Running with dbt=1.12.5
[0m20:37:26.637074 [debug] [MainThread]: running dbt with arguments {'maximum_seed_size_mib': '1', 'no_print': 'None', 'version_check': 'True', 'warn_error_options': 'WarnErrorOptionsV2(error=[], warn=[], silence=[])', 'target_path': 'None', 'static_parser': 'True', 'printer_width': '80', 'write_json': 'True', 'introspect': 'True', 'log_cache_events': 'False', 'empty': 'None', 'cache_selected_only': 'False', 'log_format': 'default', 'debug': 'False', 'fail_fast': 'False', 'profiles_dir': 'C:\\Users\\fizza\\.dbt', 'send_anonymous_usage_stats': 'True', 'quiet': 'False', 'warn_error': 'None', 'partial_parse': 'True', 'indirect_selection': 'eager', 'hints_enabled': 'True', 'invocation_command': 'dbt init', 'use_experimental_parser': 'False', 'use_colors': 'True', 'log_path': 'logs'}
[0m20:37:41.883123 [debug] [MainThread]: Starter project path: C:\Projects\dbt_ansh\.venv\Lib\site-packages\dbt\include\starter_project
[0m20:37:41.924722 [info ] [MainThread]: Setting up your profile.
[0m20:37:45.501558 [debug] [MainThread]: Spark adapter: Setting pyhive.hive logging to ERROR
[0m20:37:45.502568 [debug] [MainThread]: Spark adapter: Setting thrift.transport logging to ERROR
[0m20:37:45.503567 [debug] [MainThread]: Spark adapter: Setting thrift.protocol logging to ERROR
[0m20:37:50.831652 [warn ] [MainThread]: databricks-sql-connector adapter: [WARN] pyarrow is not installed by default since databricks-sql-connector 4.0.0,any arrow specific api (e.g. fetchmany_arrow) and cloud fetch will be disabled.If you need these features, please run pip install pyarrow or pip install databricks-sql-connector[pyarrow] to install
[0m20:39:56.348516 [info ] [MainThread]: Profile dbt_practice_ansh written to C:\Users\fizza\.dbt\profiles.yml using target's profile_template.yml and your supplied values.
[0m20:39:56.366208 [info ] [MainThread]: Running dbt debug to validate the project...
[0m20:39:56.367208 [info ] [MainThread]: dbt version: 1.12.5
[0m20:39:56.369668 [info ] [MainThread]: python version: 3.11.7
[0m20:39:56.371182 [info ] [MainThread]: python path: C:\Projects\dbt_ansh\.venv\Scripts\python.exe
[0m20:39:56.373218 [info ] [MainThread]: os info: Windows-10-10.0.26200-SP0
[0m20:39:56.518382 [info ] [MainThread]: Using profiles dir at C:\Users\fizza\.dbt
[0m20:39:56.519384 [info ] [MainThread]: Using profiles.yml file at C:\Users\fizza\.dbt\profiles.yml
[0m20:39:56.523924 [info ] [MainThread]: Using dbt_project.yml file at C:\Projects\dbt_ansh\dbt_practice_ansh\dbt_project.yml
[0m20:39:56.526926 [info ] [MainThread]: adapter type: databricks
[0m20:39:56.528925 [info ] [MainThread]: adapter version: 1.10.9
[0m20:39:56.742703 [info ] [MainThread]: Configuration:
[0m20:39:56.744715 [info ] [MainThread]:   profiles.yml file [[32mOK found and valid[0m]
[0m20:39:56.745738 [info ] [MainThread]:   dbt_project.yml file [[32mOK found and valid[0m]
[0m20:39:56.746720 [info ] [MainThread]: Required dependencies:
[0m20:39:56.747714 [debug] [MainThread]: Executing "git --help"
[0m20:39:56.852513 [debug] [MainThread]: STDOUT: "b"usage: git [-v | --version] [-h | --help] [-C <path>] [-c <name>=<value>]\n           [--exec-path[=<path>]] [--html-path] [--man-path] [--info-path]\n           [-p | --paginate | -P | --no-pager] [--no-replace-objects] [--no-lazy-fetch]\n           [--no-optional-locks] [--no-advice] [--bare] [--git-dir=<path>]\n           [--work-tree=<path>] [--namespace=<name>] [--config-env=<name>=<envvar>]\n           <command> [<args>]\n\nThese are common Git commands used in various situations:\n\nstart a working area (see also: git help tutorial)\n   clone      Clone a repository into a new directory\n   init       Create an empty Git repository or reinitialize an existing one\n\nwork on the current change (see also: git help everyday)\n   add        Add file contents to the index\n   mv         Move or rename a file, a directory, or a symlink\n   restore    Restore working tree files\n   rm         Remove files from the working tree and from the index\n\nexamine the history and state (see also: git help revisions)\n   bisect     Use binary search to find the commit that introduced a bug\n   diff       Show changes between commits, commit and working tree, etc\n   grep       Print lines matching a pattern\n   log        Show commit logs\n   show       Show various types of objects\n   status     Show the working tree status\n\ngrow, mark and tweak your common history\n   backfill   Download missing objects in a partial clone\n   branch     List, create, or delete branches\n   commit     Record changes to the repository\n   merge      Join two or more development histories together\n   rebase     Reapply commits on top of another base tip\n   reset      Reset current HEAD to the specified state\n   switch     Switch branches\n   tag        Create, list, delete or verify tags\n\ncollaborate (see also: git help workflows)\n   fetch      Download objects and refs from another repository\n   pull       Fetch from and integrate with another repository or a local branch\n   push       Update remote refs along with associated objects\n\n'git help -a' and 'git help -g' list available subcommands and some\nconcept guides. See 'git help <command>' or 'git help <concept>'\nto read about a specific subcommand or concept.\nSee 'git help git' for an overview of the system.\n""
[0m20:39:56.853524 [debug] [MainThread]: STDERR: "b''"
[0m20:39:56.855527 [info ] [MainThread]:  - git [[32mOK found[0m]

[0m20:39:56.856544 [info ] [MainThread]: Connection:
[0m20:39:56.857528 [info ] [MainThread]:   host: dbc-96c581a4-ccb7.cloud.databricks.com
[0m20:39:56.859545 [info ] [MainThread]:   http_path: /sql/1.0/warehouses/d7bebd2b924a8cff
[0m20:39:56.859545 [info ] [MainThread]:   catalog: dbt_tutorial_dev
[0m20:39:56.862145 [info ] [MainThread]:   schema: source
[0m20:39:56.864147 [info ] [MainThread]: Registered adapter: databricks=1.10.9
[0m20:39:57.881264 [debug] [MainThread]: Databricks adapter: DatabricksDBTConnection(session-id=None, name=debug) - Creating connection
[0m20:39:57.882424 [debug] [MainThread]: Acquiring new databricks connection 'debug'
[0m20:39:57.883450 [debug] [MainThread]: Using databricks connection "debug"
[0m20:39:57.884429 [debug] [MainThread]: On debug: select 1 as id
[0m20:39:57.885420 [debug] [MainThread]: Opening a new connection, currently in state init
[0m20:40:03.003184 [debug] [MainThread]: Databricks adapter: Connection(session-id=01f1bb52-db0e-1d99-81de-beb18ceb4357) - Created
[0m20:40:11.456670 [debug] [MainThread]: SQL status: OK in 13.570 seconds
[0m20:40:11.460668 [debug] [MainThread]: Databricks adapter: Cursor(session-id=01f1bb52-db0e-1d99-81de-beb18ceb4357, command-id=01f1bb52-dc88-1421-aa8c-b25d81a58b0e) - Closing
[0m20:40:11.984222 [debug] [MainThread]: On debug: Close
[0m20:40:11.985223 [debug] [MainThread]: Databricks adapter: Connection(session-id=01f1bb52-db0e-1d99-81de-beb18ceb4357) - Closing
[0m20:40:12.426788 [info ] [MainThread]:   Connection test: [[32mOK connection ok[0m]

[0m20:40:12.431303 [info ] [MainThread]: [32mAll checks passed![0m
[0m20:40:12.432450 [info ] [MainThread]: Your new dbt project "dbt_practice_ansh" was created!
Initialized new project in C:\Projects\dbt_ansh\dbt_practice_ansh\dbt_practice_ansh

For more information on how to configure the profiles.yml file,
please consult the dbt documentation here:

  https://docs.getdbt.com/docs/configure-your-profile

One more thing:

Need help? Don't hesitate to reach out to us via GitHub issues or on Slack:

  https://community.getdbt.com/

Happy modeling!

[0m20:40:12.436800 [debug] [MainThread]: Command `dbt init` succeeded at 20:40:12.435711 after 166.03 seconds
[0m20:40:12.437803 [debug] [MainThread]: Sending event: {'category': 'dbt', 'action': 'invocation', 'label': 'end', 'context': [<snowplow_tracker.self_describing_json.SelfDescribingJson object at 0x000002070A079610>, <snowplow_tracker.self_describing_json.SelfDescribingJson object at 0x0000020723119650>, <snowplow_tracker.self_describing_json.SelfDescribingJson object at 0x000002070A1B5F90>]}
[0m20:40:12.439801 [debug] [MainThread]: Flushing usage events
[0m20:40:14.354314 [debug] [MainThread]: An error was encountered while trying to flush usage events
